kogaseiya@Mac git_challenge % cd /Users/kogaseiya/Desktop/git_challenge
kogaseiya@Mac git_challenge % ls
hello_world.txt
kogaseiya@Mac git_challenge % git init
Initialized empty Git repository in /Users/kogaseiya/Desktop/git_challenge/.git/
kogaseiya@Mac git_challenge % git add hello_world.txt
kogaseiya@Mac git_challenge % git commit -m " hello_world.txtを追加"
[main (root-commit) 3c09234]  hello_world.txtを追加
 1 file changed, 1 insertion(+)
 create mode 100644 hello_world.txt
kogaseiya@Mac git_challenge % git add hello_world.txt               
kogaseiya@Mac git_challenge % git commit -m " 日本語訳を追記"       
[main 7140d8f]  日本語訳を追記
 1 file changed, 2 insertions(+), 1 deletion(-)
kogaseiya@Mac git_challenge % git log --oneline
7140d8f (HEAD -> main)  日本語訳を追記
3c09234  hello_world.txtを追加
kogaseiya@Mac git_challenge % 